Traceback (most recent call last):
  File "/home/users/u0001988/.local/lib/python3.9/site-packages/transformers/utils/import_utils.py", line 2317, in __getattr__
    module = self._get_module(self._class_to_module[name])
  File "/home/users/u0001988/.local/lib/python3.9/site-packages/transformers/utils/import_utils.py", line 2347, in _get_module
    raise e
  File "/home/users/u0001988/.local/lib/python3.9/site-packages/transformers/utils/import_utils.py", line 2345, in _get_module
    return importlib.import_module("." + module_name, self.__name__)
  File "/usr/lib64/python3.9/importlib/__init__.py", line 127, in import_module
    return _bootstrap._gcd_import(name[level:], package, level)
  File "<frozen importlib._bootstrap>", line 1030, in _gcd_import
  File "<frozen importlib._bootstrap>", line 1007, in _find_and_load
  File "<frozen importlib._bootstrap>", line 986, in _find_and_load_unlocked
  File "<frozen importlib._bootstrap>", line 680, in _load_unlocked
  File "<frozen importlib._bootstrap_external>", line 850, in exec_module
  File "<frozen importlib._bootstrap>", line 228, in _call_with_frames_removed
  File "/home/users/u0001988/.local/lib/python3.9/site-packages/transformers/generation/utils.py", line 55, in <module>
    from .candidate_generator import (
  File "/home/users/u0001988/.local/lib/python3.9/site-packages/transformers/generation/candidate_generator.py", line 29, in <module>
    from sklearn.metrics import roc_curve
  File "/home/users/u0001988/.local/lib/python3.9/site-packages/sklearn/__init__.py", line 73, in <module>
    from .base import clone  # noqa: E402
  File "/home/users/u0001988/.local/lib/python3.9/site-packages/sklearn/base.py", line 19, in <module>
    from .utils._estimator_html_repr import _HTMLDocumentationLinkMixin, estimator_html_repr
  File "/home/users/u0001988/.local/lib/python3.9/site-packages/sklearn/utils/__init__.py", line 15, in <module>
    from ._chunking import gen_batches, gen_even_slices
  File "/home/users/u0001988/.local/lib/python3.9/site-packages/sklearn/utils/_chunking.py", line 11, in <module>
    from ._param_validation import Interval, validate_params
  File "/home/users/u0001988/.local/lib/python3.9/site-packages/sklearn/utils/_param_validation.py", line 17, in <module>
    from .validation import _is_arraylike_not_scalar
  File "/home/users/u0001988/.local/lib/python3.9/site-packages/sklearn/utils/validation.py", line 21, in <module>
    from ..utils._array_api import _asarray_with_order, _is_numpy_namespace, get_namespace
  File "/home/users/u0001988/.local/lib/python3.9/site-packages/sklearn/utils/_array_api.py", line 17, in <module>
    from .fixes import parse_version
  File "/home/users/u0001988/.local/lib/python3.9/site-packages/sklearn/utils/fixes.py", line 17, in <module>
    import scipy.stats
  File "/home/users/u0001988/.local/lib/python3.9/site-packages/scipy/stats/__init__.py", line 606, in <module>
    from ._stats_py import *
  File "/home/users/u0001988/.local/lib/python3.9/site-packages/scipy/stats/_stats_py.py", line 49, in <module>
    from . import distributions
  File "/home/users/u0001988/.local/lib/python3.9/site-packages/scipy/stats/distributions.py", line 8, in <module>
    from ._distn_infrastructure import (rv_discrete, rv_continuous, rv_frozen)  # noqa: F401
  File "/home/users/u0001988/.local/lib/python3.9/site-packages/scipy/stats/_distn_infrastructure.py", line 26, in <module>
    from scipy import integrate
  File "/home/users/u0001988/.local/lib/python3.9/site-packages/scipy/__init__.py", line 134, in __getattr__
    return _importlib.import_module(f'scipy.{name}')
  File "/usr/lib64/python3.9/importlib/__init__.py", line 127, in import_module
    return _bootstrap._gcd_import(name[level:], package, level)
  File "/home/users/u0001988/.local/lib/python3.9/site-packages/scipy/integrate/__init__.py", line 94, in <module>
    from ._quadrature import *
  File "/home/users/u0001988/.local/lib/python3.9/site-packages/scipy/integrate/_quadrature.py", line 4, in <module>
    import numpy.typing as npt
  File "/usr/lib64/python3.9/site-packages/numpy/typing/__init__.py", line 158, in <module>
    from numpy._typing import (
ModuleNotFoundError: No module named 'numpy._typing'

The above exception was the direct cause of the following exception:

Traceback (most recent call last):
  File "/home/users/u0001988/.local/lib/python3.9/site-packages/transformers/utils/import_utils.py", line 2317, in __getattr__
    module = self._get_module(self._class_to_module[name])
  File "/home/users/u0001988/.local/lib/python3.9/site-packages/transformers/utils/import_utils.py", line 2347, in _get_module
    raise e
  File "/home/users/u0001988/.local/lib/python3.9/site-packages/transformers/utils/import_utils.py", line 2345, in _get_module
    return importlib.import_module("." + module_name, self.__name__)
  File "/usr/lib64/python3.9/importlib/__init__.py", line 127, in import_module
    return _bootstrap._gcd_import(name[level:], package, level)
  File "<frozen importlib._bootstrap>", line 1030, in _gcd_import
  File "<frozen importlib._bootstrap>", line 1007, in _find_and_load
  File "<frozen importlib._bootstrap>", line 986, in _find_and_load_unlocked
  File "<frozen importlib._bootstrap>", line 680, in _load_unlocked
  File "<frozen importlib._bootstrap_external>", line 850, in exec_module
  File "<frozen importlib._bootstrap>", line 228, in _call_with_frames_removed
  File "/home/users/u0001988/.local/lib/python3.9/site-packages/transformers/models/auto/modeling_auto.py", line 23, in <module>
    from .auto_factory import (
  File "/home/users/u0001988/.local/lib/python3.9/site-packages/transformers/models/auto/auto_factory.py", line 43, in <module>
    from ...generation import GenerationMixin
  File "/home/users/u0001988/.local/lib/python3.9/site-packages/transformers/utils/import_utils.py", line 2320, in __getattr__
    raise ModuleNotFoundError(
ModuleNotFoundError: Could not import module 'GenerationMixin'. Are this object's requirements defined correctly?

The above exception was the direct cause of the following exception:

Traceback (most recent call last):
  File "/usr/lib64/python3.9/runpy.py", line 197, in _run_module_as_main
    return _run_code(code, main_globals, None,
  File "/usr/lib64/python3.9/runpy.py", line 87, in _run_code
    exec(code, run_globals)
  File "/hs/work0/home/users/u0001988/KV-Cache-Quantization-Benchmark/eval_pt/eval_ppl.py", line 6, in <module>
    from transformers import AutoModelForCausalLM, AutoTokenizer
  File "/home/users/u0001988/.local/lib/python3.9/site-packages/transformers/utils/import_utils.py", line 2320, in __getattr__
    raise ModuleNotFoundError(
ModuleNotFoundError: Could not import module 'AutoModelForCausalLM'. Are this object's requirements defined correctly?
Traceback (most recent call last):
  File "/home/users/u0001988/.local/lib/python3.9/site-packages/transformers/utils/import_utils.py", line 2317, in __getattr__
    module = self._get_module(self._class_to_module[name])
  File "/home/users/u0001988/.local/lib/python3.9/site-packages/transformers/utils/import_utils.py", line 2347, in _get_module
    raise e
  File "/home/users/u0001988/.local/lib/python3.9/site-packages/transformers/utils/import_utils.py", line 2345, in _get_module
    return importlib.import_module("." + module_name, self.__name__)
  File "/usr/lib64/python3.9/importlib/__init__.py", line 127, in import_module
    return _bootstrap._gcd_import(name[level:], package, level)
  File "<frozen importlib._bootstrap>", line 1030, in _gcd_import
  File "<frozen importlib._bootstrap>", line 1007, in _find_and_load
  File "<frozen importlib._bootstrap>", line 986, in _find_and_load_unlocked
  File "<frozen importlib._bootstrap>", line 680, in _load_unlocked
  File "<frozen importlib._bootstrap_external>", line 850, in exec_module
  File "<frozen importlib._bootstrap>", line 228, in _call_with_frames_removed
  File "/home/users/u0001988/.local/lib/python3.9/site-packages/transformers/generation/utils.py", line 55, in <module>
    from .candidate_generator import (
  File "/home/users/u0001988/.local/lib/python3.9/site-packages/transformers/generation/candidate_generator.py", line 29, in <module>
    from sklearn.metrics import roc_curve
  File "/home/users/u0001988/.local/lib/python3.9/site-packages/sklearn/__init__.py", line 73, in <module>
    from .base import clone  # noqa: E402
  File "/home/users/u0001988/.local/lib/python3.9/site-packages/sklearn/base.py", line 19, in <module>
    from .utils._estimator_html_repr import _HTMLDocumentationLinkMixin, estimator_html_repr
  File "/home/users/u0001988/.local/lib/python3.9/site-packages/sklearn/utils/__init__.py", line 15, in <module>
    from ._chunking import gen_batches, gen_even_slices
  File "/home/users/u0001988/.local/lib/python3.9/site-packages/sklearn/utils/_chunking.py", line 11, in <module>
    from ._param_validation import Interval, validate_params
  File "/home/users/u0001988/.local/lib/python3.9/site-packages/sklearn/utils/_param_validation.py", line 17, in <module>
    from .validation import _is_arraylike_not_scalar
  File "/home/users/u0001988/.local/lib/python3.9/site-packages/sklearn/utils/validation.py", line 21, in <module>
    from ..utils._array_api import _asarray_with_order, _is_numpy_namespace, get_namespace
  File "/home/users/u0001988/.local/lib/python3.9/site-packages/sklearn/utils/_array_api.py", line 17, in <module>
    from .fixes import parse_version
  File "/home/users/u0001988/.local/lib/python3.9/site-packages/sklearn/utils/fixes.py", line 17, in <module>
    import scipy.stats
  File "/home/users/u0001988/.local/lib/python3.9/site-packages/scipy/stats/__init__.py", line 606, in <module>
    from ._stats_py import *
  File "/home/users/u0001988/.local/lib/python3.9/site-packages/scipy/stats/_stats_py.py", line 49, in <module>
    from . import distributions
  File "/home/users/u0001988/.local/lib/python3.9/site-packages/scipy/stats/distributions.py", line 8, in <module>
    from ._distn_infrastructure import (rv_discrete, rv_continuous, rv_frozen)  # noqa: F401
  File "/home/users/u0001988/.local/lib/python3.9/site-packages/scipy/stats/_distn_infrastructure.py", line 26, in <module>
    from scipy import integrate
  File "/home/users/u0001988/.local/lib/python3.9/site-packages/scipy/__init__.py", line 134, in __getattr__
    return _importlib.import_module(f'scipy.{name}')
  File "/usr/lib64/python3.9/importlib/__init__.py", line 127, in import_module
    return _bootstrap._gcd_import(name[level:], package, level)
  File "/home/users/u0001988/.local/lib/python3.9/site-packages/scipy/integrate/__init__.py", line 94, in <module>
    from ._quadrature import *
  File "/home/users/u0001988/.local/lib/python3.9/site-packages/scipy/integrate/_quadrature.py", line 4, in <module>
    import numpy.typing as npt
  File "/usr/lib64/python3.9/site-packages/numpy/typing/__init__.py", line 158, in <module>
    from numpy._typing import (
ModuleNotFoundError: No module named 'numpy._typing'

The above exception was the direct cause of the following exception:

Traceback (most recent call last):
  File "/home/users/u0001988/.local/lib/python3.9/site-packages/transformers/utils/import_utils.py", line 2317, in __getattr__
    module = self._get_module(self._class_to_module[name])
  File "/home/users/u0001988/.local/lib/python3.9/site-packages/transformers/utils/import_utils.py", line 2347, in _get_module
    raise e
  File "/home/users/u0001988/.local/lib/python3.9/site-packages/transformers/utils/import_utils.py", line 2345, in _get_module
    return importlib.import_module("." + module_name, self.__name__)
  File "/usr/lib64/python3.9/importlib/__init__.py", line 127, in import_module
    return _bootstrap._gcd_import(name[level:], package, level)
  File "<frozen importlib._bootstrap>", line 1030, in _gcd_import
  File "<frozen importlib._bootstrap>", line 1007, in _find_and_load
  File "<frozen importlib._bootstrap>", line 986, in _find_and_load_unlocked
  File "<frozen importlib._bootstrap>", line 680, in _load_unlocked
  File "<frozen importlib._bootstrap_external>", line 850, in exec_module
  File "<frozen importlib._bootstrap>", line 228, in _call_with_frames_removed
  File "/home/users/u0001988/.local/lib/python3.9/site-packages/transformers/models/auto/modeling_auto.py", line 23, in <module>
    from .auto_factory import (
  File "/home/users/u0001988/.local/lib/python3.9/site-packages/transformers/models/auto/auto_factory.py", line 43, in <module>
    from ...generation import GenerationMixin
  File "/home/users/u0001988/.local/lib/python3.9/site-packages/transformers/utils/import_utils.py", line 2320, in __getattr__
    raise ModuleNotFoundError(
ModuleNotFoundError: Could not import module 'GenerationMixin'. Are this object's requirements defined correctly?

The above exception was the direct cause of the following exception:

Traceback (most recent call last):
  File "/usr/lib64/python3.9/runpy.py", line 197, in _run_module_as_main
    return _run_code(code, main_globals, None,
  File "/usr/lib64/python3.9/runpy.py", line 87, in _run_code
    exec(code, run_globals)
  File "/hs/work0/home/users/u0001988/KV-Cache-Quantization-Benchmark/eval_pt/eval_fidelity.py", line 4, in <module>
    from transformers import AutoModelForCausalLM, AutoTokenizer
  File "/home/users/u0001988/.local/lib/python3.9/site-packages/transformers/utils/import_utils.py", line 2320, in __getattr__
    raise ModuleNotFoundError(
ModuleNotFoundError: Could not import module 'AutoModelForCausalLM'. Are this object's requirements defined correctly?
Traceback (most recent call last):
  File "/home/users/u0001988/.local/lib/python3.9/site-packages/transformers/utils/import_utils.py", line 2317, in __getattr__
    module = self._get_module(self._class_to_module[name])
  File "/home/users/u0001988/.local/lib/python3.9/site-packages/transformers/utils/import_utils.py", line 2347, in _get_module
    raise e
  File "/home/users/u0001988/.local/lib/python3.9/site-packages/transformers/utils/import_utils.py", line 2345, in _get_module
    return importlib.import_module("." + module_name, self.__name__)
  File "/usr/lib64/python3.9/importlib/__init__.py", line 127, in import_module
    return _bootstrap._gcd_import(name[level:], package, level)
  File "<frozen importlib._bootstrap>", line 1030, in _gcd_import
  File "<frozen importlib._bootstrap>", line 1007, in _find_and_load
  File "<frozen importlib._bootstrap>", line 986, in _find_and_load_unlocked
  File "<frozen importlib._bootstrap>", line 680, in _load_unlocked
  File "<frozen importlib._bootstrap_external>", line 850, in exec_module
  File "<frozen importlib._bootstrap>", line 228, in _call_with_frames_removed
  File "/home/users/u0001988/.local/lib/python3.9/site-packages/transformers/generation/utils.py", line 55, in <module>
    from .candidate_generator import (
  File "/home/users/u0001988/.local/lib/python3.9/site-packages/transformers/generation/candidate_generator.py", line 29, in <module>
    from sklearn.metrics import roc_curve
  File "/home/users/u0001988/.local/lib/python3.9/site-packages/sklearn/__init__.py", line 73, in <module>
    from .base import clone  # noqa: E402
  File "/home/users/u0001988/.local/lib/python3.9/site-packages/sklearn/base.py", line 19, in <module>
    from .utils._estimator_html_repr import _HTMLDocumentationLinkMixin, estimator_html_repr
  File "/home/users/u0001988/.local/lib/python3.9/site-packages/sklearn/utils/__init__.py", line 15, in <module>
    from ._chunking import gen_batches, gen_even_slices
  File "/home/users/u0001988/.local/lib/python3.9/site-packages/sklearn/utils/_chunking.py", line 11, in <module>
    from ._param_validation import Interval, validate_params
  File "/home/users/u0001988/.local/lib/python3.9/site-packages/sklearn/utils/_param_validation.py", line 17, in <module>
    from .validation import _is_arraylike_not_scalar
  File "/home/users/u0001988/.local/lib/python3.9/site-packages/sklearn/utils/validation.py", line 21, in <module>
    from ..utils._array_api import _asarray_with_order, _is_numpy_namespace, get_namespace
  File "/home/users/u0001988/.local/lib/python3.9/site-packages/sklearn/utils/_array_api.py", line 17, in <module>
    from .fixes import parse_version
  File "/home/users/u0001988/.local/lib/python3.9/site-packages/sklearn/utils/fixes.py", line 17, in <module>
    import scipy.stats
  File "/home/users/u0001988/.local/lib/python3.9/site-packages/scipy/stats/__init__.py", line 606, in <module>
    from ._stats_py import *
  File "/home/users/u0001988/.local/lib/python3.9/site-packages/scipy/stats/_stats_py.py", line 49, in <module>
    from . import distributions
  File "/home/users/u0001988/.local/lib/python3.9/site-packages/scipy/stats/distributions.py", line 8, in <module>
    from ._distn_infrastructure import (rv_discrete, rv_continuous, rv_frozen)  # noqa: F401
  File "/home/users/u0001988/.local/lib/python3.9/site-packages/scipy/stats/_distn_infrastructure.py", line 26, in <module>
    from scipy import integrate
  File "/home/users/u0001988/.local/lib/python3.9/site-packages/scipy/__init__.py", line 134, in __getattr__
    return _importlib.import_module(f'scipy.{name}')
  File "/usr/lib64/python3.9/importlib/__init__.py", line 127, in import_module
    return _bootstrap._gcd_import(name[level:], package, level)
  File "/home/users/u0001988/.local/lib/python3.9/site-packages/scipy/integrate/__init__.py", line 94, in <module>
    from ._quadrature import *
  File "/home/users/u0001988/.local/lib/python3.9/site-packages/scipy/integrate/_quadrature.py", line 4, in <module>
    import numpy.typing as npt
  File "/usr/lib64/python3.9/site-packages/numpy/typing/__init__.py", line 158, in <module>
    from numpy._typing import (
ModuleNotFoundError: No module named 'numpy._typing'

The above exception was the direct cause of the following exception:

Traceback (most recent call last):
  File "/home/users/u0001988/.local/lib/python3.9/site-packages/transformers/utils/import_utils.py", line 2317, in __getattr__
    module = self._get_module(self._class_to_module[name])
  File "/home/users/u0001988/.local/lib/python3.9/site-packages/transformers/utils/import_utils.py", line 2347, in _get_module
    raise e
  File "/home/users/u0001988/.local/lib/python3.9/site-packages/transformers/utils/import_utils.py", line 2345, in _get_module
    return importlib.import_module("." + module_name, self.__name__)
  File "/usr/lib64/python3.9/importlib/__init__.py", line 127, in import_module
    return _bootstrap._gcd_import(name[level:], package, level)
  File "<frozen importlib._bootstrap>", line 1030, in _gcd_import
  File "<frozen importlib._bootstrap>", line 1007, in _find_and_load
  File "<frozen importlib._bootstrap>", line 986, in _find_and_load_unlocked
  File "<frozen importlib._bootstrap>", line 680, in _load_unlocked
  File "<frozen importlib._bootstrap_external>", line 850, in exec_module
  File "<frozen importlib._bootstrap>", line 228, in _call_with_frames_removed
  File "/home/users/u0001988/.local/lib/python3.9/site-packages/transformers/models/auto/modeling_auto.py", line 23, in <module>
    from .auto_factory import (
  File "/home/users/u0001988/.local/lib/python3.9/site-packages/transformers/models/auto/auto_factory.py", line 43, in <module>
    from ...generation import GenerationMixin
  File "/home/users/u0001988/.local/lib/python3.9/site-packages/transformers/utils/import_utils.py", line 2320, in __getattr__
    raise ModuleNotFoundError(
ModuleNotFoundError: Could not import module 'GenerationMixin'. Are this object's requirements defined correctly?

The above exception was the direct cause of the following exception:

Traceback (most recent call last):
  File "/usr/lib64/python3.9/runpy.py", line 197, in _run_module_as_main
    return _run_code(code, main_globals, None,
  File "/usr/lib64/python3.9/runpy.py", line 87, in _run_code
    exec(code, run_globals)
  File "/hs/work0/home/users/u0001988/KV-Cache-Quantization-Benchmark/eval_pt/eval_niah.py", line 4, in <module>
    from transformers import AutoModelForCausalLM, AutoTokenizer
  File "/home/users/u0001988/.local/lib/python3.9/site-packages/transformers/utils/import_utils.py", line 2320, in __getattr__
    raise ModuleNotFoundError(
ModuleNotFoundError: Could not import module 'AutoModelForCausalLM'. Are this object's requirements defined correctly?
Traceback (most recent call last):
  File "/home/users/u0001988/.local/lib/python3.9/site-packages/transformers/utils/import_utils.py", line 2317, in __getattr__
    module = self._get_module(self._class_to_module[name])
  File "/home/users/u0001988/.local/lib/python3.9/site-packages/transformers/utils/import_utils.py", line 2347, in _get_module
    raise e
  File "/home/users/u0001988/.local/lib/python3.9/site-packages/transformers/utils/import_utils.py", line 2345, in _get_module
    return importlib.import_module("." + module_name, self.__name__)
  File "/usr/lib64/python3.9/importlib/__init__.py", line 127, in import_module
    return _bootstrap._gcd_import(name[level:], package, level)
  File "<frozen importlib._bootstrap>", line 1030, in _gcd_import
  File "<frozen importlib._bootstrap>", line 1007, in _find_and_load
  File "<frozen importlib._bootstrap>", line 986, in _find_and_load_unlocked
  File "<frozen importlib._bootstrap>", line 680, in _load_unlocked
  File "<frozen importlib._bootstrap_external>", line 850, in exec_module
  File "<frozen importlib._bootstrap>", line 228, in _call_with_frames_removed
  File "/home/users/u0001988/.local/lib/python3.9/site-packages/transformers/generation/utils.py", line 55, in <module>
    from .candidate_generator import (
  File "/home/users/u0001988/.local/lib/python3.9/site-packages/transformers/generation/candidate_generator.py", line 29, in <module>
    from sklearn.metrics import roc_curve
  File "/home/users/u0001988/.local/lib/python3.9/site-packages/sklearn/__init__.py", line 73, in <module>
    from .base import clone  # noqa: E402
  File "/home/users/u0001988/.local/lib/python3.9/site-packages/sklearn/base.py", line 19, in <module>
    from .utils._estimator_html_repr import _HTMLDocumentationLinkMixin, estimator_html_repr
  File "/home/users/u0001988/.local/lib/python3.9/site-packages/sklearn/utils/__init__.py", line 15, in <module>
    from ._chunking import gen_batches, gen_even_slices
  File "/home/users/u0001988/.local/lib/python3.9/site-packages/sklearn/utils/_chunking.py", line 11, in <module>
    from ._param_validation import Interval, validate_params
  File "/home/users/u0001988/.local/lib/python3.9/site-packages/sklearn/utils/_param_validation.py", line 17, in <module>
    from .validation import _is_arraylike_not_scalar
  File "/home/users/u0001988/.local/lib/python3.9/site-packages/sklearn/utils/validation.py", line 21, in <module>
    from ..utils._array_api import _asarray_with_order, _is_numpy_namespace, get_namespace
  File "/home/users/u0001988/.local/lib/python3.9/site-packages/sklearn/utils/_array_api.py", line 17, in <module>
    from .fixes import parse_version
  File "/home/users/u0001988/.local/lib/python3.9/site-packages/sklearn/utils/fixes.py", line 17, in <module>
    import scipy.stats
  File "/home/users/u0001988/.local/lib/python3.9/site-packages/scipy/stats/__init__.py", line 606, in <module>
    from ._stats_py import *
  File "/home/users/u0001988/.local/lib/python3.9/site-packages/scipy/stats/_stats_py.py", line 49, in <module>
    from . import distributions
  File "/home/users/u0001988/.local/lib/python3.9/site-packages/scipy/stats/distributions.py", line 8, in <module>
    from ._distn_infrastructure import (rv_discrete, rv_continuous, rv_frozen)  # noqa: F401
  File "/home/users/u0001988/.local/lib/python3.9/site-packages/scipy/stats/_distn_infrastructure.py", line 26, in <module>
    from scipy import integrate
  File "/home/users/u0001988/.local/lib/python3.9/site-packages/scipy/__init__.py", line 134, in __getattr__
    return _importlib.import_module(f'scipy.{name}')
  File "/usr/lib64/python3.9/importlib/__init__.py", line 127, in import_module
    return _bootstrap._gcd_import(name[level:], package, level)
  File "/home/users/u0001988/.local/lib/python3.9/site-packages/scipy/integrate/__init__.py", line 94, in <module>
    from ._quadrature import *
  File "/home/users/u0001988/.local/lib/python3.9/site-packages/scipy/integrate/_quadrature.py", line 4, in <module>
    import numpy.typing as npt
  File "/usr/lib64/python3.9/site-packages/numpy/typing/__init__.py", line 158, in <module>
    from numpy._typing import (
ModuleNotFoundError: No module named 'numpy._typing'

The above exception was the direct cause of the following exception:

Traceback (most recent call last):
  File "/home/users/u0001988/.local/lib/python3.9/site-packages/transformers/utils/import_utils.py", line 2317, in __getattr__
    module = self._get_module(self._class_to_module[name])
  File "/home/users/u0001988/.local/lib/python3.9/site-packages/transformers/utils/import_utils.py", line 2347, in _get_module
    raise e
  File "/home/users/u0001988/.local/lib/python3.9/site-packages/transformers/utils/import_utils.py", line 2345, in _get_module
    return importlib.import_module("." + module_name, self.__name__)
  File "/usr/lib64/python3.9/importlib/__init__.py", line 127, in import_module
    return _bootstrap._gcd_import(name[level:], package, level)
  File "<frozen importlib._bootstrap>", line 1030, in _gcd_import
  File "<frozen importlib._bootstrap>", line 1007, in _find_and_load
  File "<frozen importlib._bootstrap>", line 986, in _find_and_load_unlocked
  File "<frozen importlib._bootstrap>", line 680, in _load_unlocked
  File "<frozen importlib._bootstrap_external>", line 850, in exec_module
  File "<frozen importlib._bootstrap>", line 228, in _call_with_frames_removed
  File "/home/users/u0001988/.local/lib/python3.9/site-packages/transformers/models/auto/modeling_auto.py", line 23, in <module>
    from .auto_factory import (
  File "/home/users/u0001988/.local/lib/python3.9/site-packages/transformers/models/auto/auto_factory.py", line 43, in <module>
    from ...generation import GenerationMixin
  File "/home/users/u0001988/.local/lib/python3.9/site-packages/transformers/utils/import_utils.py", line 2320, in __getattr__
    raise ModuleNotFoundError(
ModuleNotFoundError: Could not import module 'GenerationMixin'. Are this object's requirements defined correctly?

The above exception was the direct cause of the following exception:

Traceback (most recent call last):
  File "/usr/lib64/python3.9/runpy.py", line 197, in _run_module_as_main
    return _run_code(code, main_globals, None,
  File "/usr/lib64/python3.9/runpy.py", line 87, in _run_code
    exec(code, run_globals)
  File "/hs/work0/home/users/u0001988/KV-Cache-Quantization-Benchmark/eval_pt/eval_longbench.py", line 3, in <module>
    from transformers import AutoModelForCausalLM, AutoTokenizer
  File "/home/users/u0001988/.local/lib/python3.9/site-packages/transformers/utils/import_utils.py", line 2320, in __getattr__
    raise ModuleNotFoundError(
ModuleNotFoundError: Could not import module 'AutoModelForCausalLM'. Are this object's requirements defined correctly?
