Traceback (most recent call last):
  File "/usr/lib64/python3.9/runpy.py", line 197, in _run_module_as_main
    return _run_code(code, main_globals, None,
  File "/usr/lib64/python3.9/runpy.py", line 87, in _run_code
    exec(code, run_globals)
  File "/hs/work0/home/users/u0001988/KV-Cache-Quantization-Benchmark/eval_pt/eval_ppl.py", line 7, in <module>
    from custom_cache import QuantizedKVCache
  File "/home/users/u0001988/KV-Cache-Quantization-Benchmark/eval_pt/custom_cache.py", line 13, in <module>
    from core_pt.quantizers.base import BaseQuantizer
  File "/hs/work0/home/users/u0001988/KV-Cache-Quantization-Benchmark/core_pt/quantizers/base.py", line 12, in <module>
    from custom_cache import QuantizedKVCache  # これで core_pt から正常にインポートできる
ImportError: cannot import name 'QuantizedKVCache' from partially initialized module 'custom_cache' (most likely due to a circular import) (/home/users/u0001988/KV-Cache-Quantization-Benchmark/eval_pt/custom_cache.py)
Traceback (most recent call last):
  File "/usr/lib64/python3.9/runpy.py", line 197, in _run_module_as_main
    return _run_code(code, main_globals, None,
  File "/usr/lib64/python3.9/runpy.py", line 87, in _run_code
    exec(code, run_globals)
  File "/hs/work0/home/users/u0001988/KV-Cache-Quantization-Benchmark/eval_pt/eval_fidelity.py", line 5, in <module>
    from custom_cache import QuantizedKVCache
  File "/home/users/u0001988/KV-Cache-Quantization-Benchmark/eval_pt/custom_cache.py", line 13, in <module>
    from core_pt.quantizers.base import BaseQuantizer
  File "/hs/work0/home/users/u0001988/KV-Cache-Quantization-Benchmark/core_pt/quantizers/base.py", line 12, in <module>
    from custom_cache import QuantizedKVCache  # これで core_pt から正常にインポートできる
ImportError: cannot import name 'QuantizedKVCache' from partially initialized module 'custom_cache' (most likely due to a circular import) (/home/users/u0001988/KV-Cache-Quantization-Benchmark/eval_pt/custom_cache.py)
Traceback (most recent call last):
  File "/usr/lib64/python3.9/runpy.py", line 197, in _run_module_as_main
    return _run_code(code, main_globals, None,
  File "/usr/lib64/python3.9/runpy.py", line 87, in _run_code
    exec(code, run_globals)
  File "/hs/work0/home/users/u0001988/KV-Cache-Quantization-Benchmark/eval_pt/eval_niah.py", line 5, in <module>
    from custom_cache import QuantizedKVCache
  File "/home/users/u0001988/KV-Cache-Quantization-Benchmark/eval_pt/custom_cache.py", line 13, in <module>
    from core_pt.quantizers.base import BaseQuantizer
  File "/hs/work0/home/users/u0001988/KV-Cache-Quantization-Benchmark/core_pt/quantizers/base.py", line 12, in <module>
    from custom_cache import QuantizedKVCache  # これで core_pt から正常にインポートできる
ImportError: cannot import name 'QuantizedKVCache' from partially initialized module 'custom_cache' (most likely due to a circular import) (/home/users/u0001988/KV-Cache-Quantization-Benchmark/eval_pt/custom_cache.py)
Traceback (most recent call last):
  File "/usr/lib64/python3.9/runpy.py", line 197, in _run_module_as_main
    return _run_code(code, main_globals, None,
  File "/usr/lib64/python3.9/runpy.py", line 87, in _run_code
    exec(code, run_globals)
  File "/hs/work0/home/users/u0001988/KV-Cache-Quantization-Benchmark/eval_pt/eval_longbench.py", line 4, in <module>
    from custom_cache import QuantizedKVCache
  File "/home/users/u0001988/KV-Cache-Quantization-Benchmark/eval_pt/custom_cache.py", line 13, in <module>
    from core_pt.quantizers.base import BaseQuantizer
  File "/hs/work0/home/users/u0001988/KV-Cache-Quantization-Benchmark/core_pt/quantizers/base.py", line 12, in <module>
    from custom_cache import QuantizedKVCache  # これで core_pt から正常にインポートできる
ImportError: cannot import name 'QuantizedKVCache' from partially initialized module 'custom_cache' (most likely due to a circular import) (/home/users/u0001988/KV-Cache-Quantization-Benchmark/eval_pt/custom_cache.py)
