Traceback (most recent call last):
  File "/usr/lib64/python3.9/runpy.py", line 197, in _run_module_as_main
    return _run_code(code, main_globals, None,
  File "/usr/lib64/python3.9/runpy.py", line 87, in _run_code
    exec(code, run_globals)
  File "/hs/work0/home/users/u0001988/KV-Cache-Quantization-Benchmark/eval_pt/eval_ppl.py", line 4, in <module>
    from datasets import load_dataset
  File "/home/users/u0001988/.local/lib/python3.9/site-packages/datasets/__init__.py", line 17, in <module>
    from .arrow_dataset import Column, Dataset
  File "/home/users/u0001988/.local/lib/python3.9/site-packages/datasets/arrow_dataset.py", line 76, in <module>
    from . import config
  File "/home/users/u0001988/.local/lib/python3.9/site-packages/datasets/config.py", line 10, in <module>
    from packaging import version
ModuleNotFoundError: No module named 'packaging'
Traceback (most recent call last):
  File "/usr/lib64/python3.9/runpy.py", line 197, in _run_module_as_main
    return _run_code(code, main_globals, None,
  File "/usr/lib64/python3.9/runpy.py", line 87, in _run_code
    exec(code, run_globals)
  File "/hs/work0/home/users/u0001988/KV-Cache-Quantization-Benchmark/eval_pt/eval_fidelity.py", line 4, in <module>
    from transformers import AutoModelForCausalLM, AutoTokenizer
  File "/home/users/u0001988/.local/lib/python3.9/site-packages/transformers/__init__.py", line 27, in <module>
    from . import dependency_versions_check
  File "/home/users/u0001988/.local/lib/python3.9/site-packages/transformers/dependency_versions_check.py", line 16, in <module>
    from .utils.versions import require_version, require_version_core
  File "/home/users/u0001988/.local/lib/python3.9/site-packages/transformers/utils/__init__.py", line 21, in <module>
    from packaging import version
ModuleNotFoundError: No module named 'packaging'
Traceback (most recent call last):
  File "/usr/lib64/python3.9/runpy.py", line 197, in _run_module_as_main
    return _run_code(code, main_globals, None,
  File "/usr/lib64/python3.9/runpy.py", line 87, in _run_code
    exec(code, run_globals)
  File "/hs/work0/home/users/u0001988/KV-Cache-Quantization-Benchmark/eval_pt/eval_niah.py", line 4, in <module>
    from transformers import AutoModelForCausalLM, AutoTokenizer
  File "/home/users/u0001988/.local/lib/python3.9/site-packages/transformers/__init__.py", line 27, in <module>
    from . import dependency_versions_check
  File "/home/users/u0001988/.local/lib/python3.9/site-packages/transformers/dependency_versions_check.py", line 16, in <module>
    from .utils.versions import require_version, require_version_core
  File "/home/users/u0001988/.local/lib/python3.9/site-packages/transformers/utils/__init__.py", line 21, in <module>
    from packaging import version
ModuleNotFoundError: No module named 'packaging'
Traceback (most recent call last):
  File "/usr/lib64/python3.9/runpy.py", line 197, in _run_module_as_main
    return _run_code(code, main_globals, None,
  File "/usr/lib64/python3.9/runpy.py", line 87, in _run_code
    exec(code, run_globals)
  File "/hs/work0/home/users/u0001988/KV-Cache-Quantization-Benchmark/eval_pt/eval_longbench.py", line 3, in <module>
    from transformers import AutoModelForCausalLM, AutoTokenizer
  File "/home/users/u0001988/.local/lib/python3.9/site-packages/transformers/__init__.py", line 27, in <module>
    from . import dependency_versions_check
  File "/home/users/u0001988/.local/lib/python3.9/site-packages/transformers/dependency_versions_check.py", line 16, in <module>
    from .utils.versions import require_version, require_version_core
  File "/home/users/u0001988/.local/lib/python3.9/site-packages/transformers/utils/__init__.py", line 21, in <module>
    from packaging import version
ModuleNotFoundError: No module named 'packaging'
