Traceback (most recent call last):
  File "/usr/lib64/python3.9/runpy.py", line 197, in _run_module_as_main
    return _run_code(code, main_globals, None,
  File "/usr/lib64/python3.9/runpy.py", line 87, in _run_code
    exec(code, run_globals)
  File "/hs/work0/home/users/u0001988/KV-Cache-Quantization-Benchmark/eval_pt/eval_ppl.py", line 7, in <module>
    from custom_cache import QuantizedKVCache
ModuleNotFoundError: No module named 'custom_cache'
Traceback (most recent call last):
  File "/usr/lib64/python3.9/runpy.py", line 197, in _run_module_as_main
    return _run_code(code, main_globals, None,
  File "/usr/lib64/python3.9/runpy.py", line 87, in _run_code
    exec(code, run_globals)
  File "/hs/work0/home/users/u0001988/KV-Cache-Quantization-Benchmark/eval_pt/eval_fidelity.py", line 5, in <module>
    from custom_cache import QuantizedKVCache
ModuleNotFoundError: No module named 'custom_cache'
Traceback (most recent call last):
  File "/usr/lib64/python3.9/runpy.py", line 197, in _run_module_as_main
    return _run_code(code, main_globals, None,
  File "/usr/lib64/python3.9/runpy.py", line 87, in _run_code
    exec(code, run_globals)
  File "/hs/work0/home/users/u0001988/KV-Cache-Quantization-Benchmark/eval_pt/eval_niah.py", line 5, in <module>
    from custom_cache import QuantizedKVCache
ModuleNotFoundError: No module named 'custom_cache'
Traceback (most recent call last):
  File "/usr/lib64/python3.9/runpy.py", line 197, in _run_module_as_main
    return _run_code(code, main_globals, None,
  File "/usr/lib64/python3.9/runpy.py", line 87, in _run_code
    exec(code, run_globals)
  File "/hs/work0/home/users/u0001988/KV-Cache-Quantization-Benchmark/eval_pt/eval_longbench.py", line 4, in <module>
    from custom_cache import QuantizedKVCache
ModuleNotFoundError: No module named 'custom_cache'
