`torch_dtype` is deprecated! Use `dtype` instead!
Traceback (most recent call last):
  File "/hs/work0/home/users/u0001988/KV-Cache-Quantization-Benchmark/eval_pt/eval_ppl.py", line 114, in <module>
    ppl_result = evaluate_ppl(
  File "/hs/work0/home/users/u0001988/KV-Cache-Quantization-Benchmark/eval_pt/eval_ppl.py", line 38, in evaluate_ppl
    AutoModelForCausalLM.from_pretrained(
  File "/hs/work0/home/users/u0001988/KV-Cache-Quantization-Benchmark/venv_l40s/lib64/python3.9/site-packages/transformers/models/auto/auto_factory.py", line 604, in from_pretrained
    return model_class.from_pretrained(
  File "/hs/work0/home/users/u0001988/KV-Cache-Quantization-Benchmark/venv_l40s/lib64/python3.9/site-packages/transformers/modeling_utils.py", line 277, in _wrapper
    return func(*args, **kwargs)
  File "/hs/work0/home/users/u0001988/KV-Cache-Quantization-Benchmark/venv_l40s/lib64/python3.9/site-packages/transformers/modeling_utils.py", line 4806, in from_pretrained
    raise ValueError(
ValueError: Using a `device_map`, `tp_plan`, `torch.device` context manager or setting `torch.set_default_device(device)` requires `accelerate`. You can install it with `pip install accelerate`
`torch_dtype` is deprecated! Use `dtype` instead!
Traceback (most recent call last):
  File "/hs/work0/home/users/u0001988/KV-Cache-Quantization-Benchmark/eval_pt/eval_ppl.py", line 114, in <module>
    ppl_result = evaluate_ppl(
  File "/hs/work0/home/users/u0001988/KV-Cache-Quantization-Benchmark/eval_pt/eval_ppl.py", line 38, in evaluate_ppl
    AutoModelForCausalLM.from_pretrained(
  File "/hs/work0/home/users/u0001988/KV-Cache-Quantization-Benchmark/venv_l40s/lib64/python3.9/site-packages/transformers/models/auto/auto_factory.py", line 604, in from_pretrained
    return model_class.from_pretrained(
  File "/hs/work0/home/users/u0001988/KV-Cache-Quantization-Benchmark/venv_l40s/lib64/python3.9/site-packages/transformers/modeling_utils.py", line 277, in _wrapper
    return func(*args, **kwargs)
  File "/hs/work0/home/users/u0001988/KV-Cache-Quantization-Benchmark/venv_l40s/lib64/python3.9/site-packages/transformers/modeling_utils.py", line 4806, in from_pretrained
    raise ValueError(
ValueError: Using a `device_map`, `tp_plan`, `torch.device` context manager or setting `torch.set_default_device(device)` requires `accelerate`. You can install it with `pip install accelerate`
`torch_dtype` is deprecated! Use `dtype` instead!
Traceback (most recent call last):
  File "/hs/work0/home/users/u0001988/KV-Cache-Quantization-Benchmark/eval_pt/eval_ppl.py", line 114, in <module>
    ppl_result = evaluate_ppl(
  File "/hs/work0/home/users/u0001988/KV-Cache-Quantization-Benchmark/eval_pt/eval_ppl.py", line 38, in evaluate_ppl
    AutoModelForCausalLM.from_pretrained(
  File "/hs/work0/home/users/u0001988/KV-Cache-Quantization-Benchmark/venv_l40s/lib64/python3.9/site-packages/transformers/models/auto/auto_factory.py", line 604, in from_pretrained
    return model_class.from_pretrained(
  File "/hs/work0/home/users/u0001988/KV-Cache-Quantization-Benchmark/venv_l40s/lib64/python3.9/site-packages/transformers/modeling_utils.py", line 277, in _wrapper
    return func(*args, **kwargs)
  File "/hs/work0/home/users/u0001988/KV-Cache-Quantization-Benchmark/venv_l40s/lib64/python3.9/site-packages/transformers/modeling_utils.py", line 4806, in from_pretrained
    raise ValueError(
ValueError: Using a `device_map`, `tp_plan`, `torch.device` context manager or setting `torch.set_default_device(device)` requires `accelerate`. You can install it with `pip install accelerate`
`torch_dtype` is deprecated! Use `dtype` instead!
Traceback (most recent call last):
  File "/hs/work0/home/users/u0001988/KV-Cache-Quantization-Benchmark/eval_pt/eval_ppl.py", line 114, in <module>
    ppl_result = evaluate_ppl(
  File "/hs/work0/home/users/u0001988/KV-Cache-Quantization-Benchmark/eval_pt/eval_ppl.py", line 38, in evaluate_ppl
    AutoModelForCausalLM.from_pretrained(
  File "/hs/work0/home/users/u0001988/KV-Cache-Quantization-Benchmark/venv_l40s/lib64/python3.9/site-packages/transformers/models/auto/auto_factory.py", line 604, in from_pretrained
    return model_class.from_pretrained(
  File "/hs/work0/home/users/u0001988/KV-Cache-Quantization-Benchmark/venv_l40s/lib64/python3.9/site-packages/transformers/modeling_utils.py", line 277, in _wrapper
    return func(*args, **kwargs)
  File "/hs/work0/home/users/u0001988/KV-Cache-Quantization-Benchmark/venv_l40s/lib64/python3.9/site-packages/transformers/modeling_utils.py", line 4806, in from_pretrained
    raise ValueError(
ValueError: Using a `device_map`, `tp_plan`, `torch.device` context manager or setting `torch.set_default_device(device)` requires `accelerate`. You can install it with `pip install accelerate`
`torch_dtype` is deprecated! Use `dtype` instead!
Traceback (most recent call last):
  File "/hs/work0/home/users/u0001988/KV-Cache-Quantization-Benchmark/eval_pt/eval_ppl.py", line 114, in <module>
    ppl_result = evaluate_ppl(
  File "/hs/work0/home/users/u0001988/KV-Cache-Quantization-Benchmark/eval_pt/eval_ppl.py", line 38, in evaluate_ppl
    AutoModelForCausalLM.from_pretrained(
  File "/hs/work0/home/users/u0001988/KV-Cache-Quantization-Benchmark/venv_l40s/lib64/python3.9/site-packages/transformers/models/auto/auto_factory.py", line 604, in from_pretrained
    return model_class.from_pretrained(
  File "/hs/work0/home/users/u0001988/KV-Cache-Quantization-Benchmark/venv_l40s/lib64/python3.9/site-packages/transformers/modeling_utils.py", line 277, in _wrapper
    return func(*args, **kwargs)
  File "/hs/work0/home/users/u0001988/KV-Cache-Quantization-Benchmark/venv_l40s/lib64/python3.9/site-packages/transformers/modeling_utils.py", line 4806, in from_pretrained
    raise ValueError(
ValueError: Using a `device_map`, `tp_plan`, `torch.device` context manager or setting `torch.set_default_device(device)` requires `accelerate`. You can install it with `pip install accelerate`
`torch_dtype` is deprecated! Use `dtype` instead!
Traceback (most recent call last):
  File "/hs/work0/home/users/u0001988/KV-Cache-Quantization-Benchmark/eval_pt/eval_fidelity.py", line 93, in <module>
    AutoModelForCausalLM.from_pretrained(
  File "/hs/work0/home/users/u0001988/KV-Cache-Quantization-Benchmark/venv_l40s/lib64/python3.9/site-packages/transformers/models/auto/auto_factory.py", line 604, in from_pretrained
    return model_class.from_pretrained(
  File "/hs/work0/home/users/u0001988/KV-Cache-Quantization-Benchmark/venv_l40s/lib64/python3.9/site-packages/transformers/modeling_utils.py", line 277, in _wrapper
    return func(*args, **kwargs)
  File "/hs/work0/home/users/u0001988/KV-Cache-Quantization-Benchmark/venv_l40s/lib64/python3.9/site-packages/transformers/modeling_utils.py", line 4806, in from_pretrained
    raise ValueError(
ValueError: Using a `device_map`, `tp_plan`, `torch.device` context manager or setting `torch.set_default_device(device)` requires `accelerate`. You can install it with `pip install accelerate`
`torch_dtype` is deprecated! Use `dtype` instead!
Traceback (most recent call last):
  File "/hs/work0/home/users/u0001988/KV-Cache-Quantization-Benchmark/eval_pt/eval_fidelity.py", line 93, in <module>
    AutoModelForCausalLM.from_pretrained(
  File "/hs/work0/home/users/u0001988/KV-Cache-Quantization-Benchmark/venv_l40s/lib64/python3.9/site-packages/transformers/models/auto/auto_factory.py", line 604, in from_pretrained
    return model_class.from_pretrained(
  File "/hs/work0/home/users/u0001988/KV-Cache-Quantization-Benchmark/venv_l40s/lib64/python3.9/site-packages/transformers/modeling_utils.py", line 277, in _wrapper
    return func(*args, **kwargs)
  File "/hs/work0/home/users/u0001988/KV-Cache-Quantization-Benchmark/venv_l40s/lib64/python3.9/site-packages/transformers/modeling_utils.py", line 4806, in from_pretrained
    raise ValueError(
ValueError: Using a `device_map`, `tp_plan`, `torch.device` context manager or setting `torch.set_default_device(device)` requires `accelerate`. You can install it with `pip install accelerate`
`torch_dtype` is deprecated! Use `dtype` instead!
Traceback (most recent call last):
  File "/hs/work0/home/users/u0001988/KV-Cache-Quantization-Benchmark/eval_pt/eval_fidelity.py", line 93, in <module>
    AutoModelForCausalLM.from_pretrained(
  File "/hs/work0/home/users/u0001988/KV-Cache-Quantization-Benchmark/venv_l40s/lib64/python3.9/site-packages/transformers/models/auto/auto_factory.py", line 604, in from_pretrained
    return model_class.from_pretrained(
  File "/hs/work0/home/users/u0001988/KV-Cache-Quantization-Benchmark/venv_l40s/lib64/python3.9/site-packages/transformers/modeling_utils.py", line 277, in _wrapper
    return func(*args, **kwargs)
  File "/hs/work0/home/users/u0001988/KV-Cache-Quantization-Benchmark/venv_l40s/lib64/python3.9/site-packages/transformers/modeling_utils.py", line 4806, in from_pretrained
    raise ValueError(
ValueError: Using a `device_map`, `tp_plan`, `torch.device` context manager or setting `torch.set_default_device(device)` requires `accelerate`. You can install it with `pip install accelerate`
`torch_dtype` is deprecated! Use `dtype` instead!
Traceback (most recent call last):
  File "/hs/work0/home/users/u0001988/KV-Cache-Quantization-Benchmark/eval_pt/eval_fidelity.py", line 93, in <module>
    AutoModelForCausalLM.from_pretrained(
  File "/hs/work0/home/users/u0001988/KV-Cache-Quantization-Benchmark/venv_l40s/lib64/python3.9/site-packages/transformers/models/auto/auto_factory.py", line 604, in from_pretrained
    return model_class.from_pretrained(
  File "/hs/work0/home/users/u0001988/KV-Cache-Quantization-Benchmark/venv_l40s/lib64/python3.9/site-packages/transformers/modeling_utils.py", line 277, in _wrapper
    return func(*args, **kwargs)
  File "/hs/work0/home/users/u0001988/KV-Cache-Quantization-Benchmark/venv_l40s/lib64/python3.9/site-packages/transformers/modeling_utils.py", line 4806, in from_pretrained
    raise ValueError(
ValueError: Using a `device_map`, `tp_plan`, `torch.device` context manager or setting `torch.set_default_device(device)` requires `accelerate`. You can install it with `pip install accelerate`
`torch_dtype` is deprecated! Use `dtype` instead!
Traceback (most recent call last):
  File "/hs/work0/home/users/u0001988/KV-Cache-Quantization-Benchmark/eval_pt/eval_niah.py", line 116, in <module>
    run_niah(
  File "/hs/work0/home/users/u0001988/KV-Cache-Quantization-Benchmark/eval_pt/eval_niah.py", line 38, in run_niah
    AutoModelForCausalLM.from_pretrained(
  File "/hs/work0/home/users/u0001988/KV-Cache-Quantization-Benchmark/venv_l40s/lib64/python3.9/site-packages/transformers/models/auto/auto_factory.py", line 604, in from_pretrained
    return model_class.from_pretrained(
  File "/hs/work0/home/users/u0001988/KV-Cache-Quantization-Benchmark/venv_l40s/lib64/python3.9/site-packages/transformers/modeling_utils.py", line 277, in _wrapper
    return func(*args, **kwargs)
  File "/hs/work0/home/users/u0001988/KV-Cache-Quantization-Benchmark/venv_l40s/lib64/python3.9/site-packages/transformers/modeling_utils.py", line 4806, in from_pretrained
    raise ValueError(
ValueError: Using a `device_map`, `tp_plan`, `torch.device` context manager or setting `torch.set_default_device(device)` requires `accelerate`. You can install it with `pip install accelerate`
`torch_dtype` is deprecated! Use `dtype` instead!
Traceback (most recent call last):
  File "/hs/work0/home/users/u0001988/KV-Cache-Quantization-Benchmark/eval_pt/eval_niah.py", line 116, in <module>
    run_niah(
  File "/hs/work0/home/users/u0001988/KV-Cache-Quantization-Benchmark/eval_pt/eval_niah.py", line 38, in run_niah
    AutoModelForCausalLM.from_pretrained(
  File "/hs/work0/home/users/u0001988/KV-Cache-Quantization-Benchmark/venv_l40s/lib64/python3.9/site-packages/transformers/models/auto/auto_factory.py", line 604, in from_pretrained
    return model_class.from_pretrained(
  File "/hs/work0/home/users/u0001988/KV-Cache-Quantization-Benchmark/venv_l40s/lib64/python3.9/site-packages/transformers/modeling_utils.py", line 277, in _wrapper
    return func(*args, **kwargs)
  File "/hs/work0/home/users/u0001988/KV-Cache-Quantization-Benchmark/venv_l40s/lib64/python3.9/site-packages/transformers/modeling_utils.py", line 4806, in from_pretrained
    raise ValueError(
ValueError: Using a `device_map`, `tp_plan`, `torch.device` context manager or setting `torch.set_default_device(device)` requires `accelerate`. You can install it with `pip install accelerate`
`torch_dtype` is deprecated! Use `dtype` instead!
Traceback (most recent call last):
  File "/hs/work0/home/users/u0001988/KV-Cache-Quantization-Benchmark/eval_pt/eval_niah.py", line 116, in <module>
    run_niah(
  File "/hs/work0/home/users/u0001988/KV-Cache-Quantization-Benchmark/eval_pt/eval_niah.py", line 38, in run_niah
    AutoModelForCausalLM.from_pretrained(
  File "/hs/work0/home/users/u0001988/KV-Cache-Quantization-Benchmark/venv_l40s/lib64/python3.9/site-packages/transformers/models/auto/auto_factory.py", line 604, in from_pretrained
    return model_class.from_pretrained(
  File "/hs/work0/home/users/u0001988/KV-Cache-Quantization-Benchmark/venv_l40s/lib64/python3.9/site-packages/transformers/modeling_utils.py", line 277, in _wrapper
    return func(*args, **kwargs)
  File "/hs/work0/home/users/u0001988/KV-Cache-Quantization-Benchmark/venv_l40s/lib64/python3.9/site-packages/transformers/modeling_utils.py", line 4806, in from_pretrained
    raise ValueError(
ValueError: Using a `device_map`, `tp_plan`, `torch.device` context manager or setting `torch.set_default_device(device)` requires `accelerate`. You can install it with `pip install accelerate`
`torch_dtype` is deprecated! Use `dtype` instead!
Traceback (most recent call last):
  File "/hs/work0/home/users/u0001988/KV-Cache-Quantization-Benchmark/eval_pt/eval_niah.py", line 116, in <module>
    run_niah(
  File "/hs/work0/home/users/u0001988/KV-Cache-Quantization-Benchmark/eval_pt/eval_niah.py", line 38, in run_niah
    AutoModelForCausalLM.from_pretrained(
  File "/hs/work0/home/users/u0001988/KV-Cache-Quantization-Benchmark/venv_l40s/lib64/python3.9/site-packages/transformers/models/auto/auto_factory.py", line 604, in from_pretrained
    return model_class.from_pretrained(
  File "/hs/work0/home/users/u0001988/KV-Cache-Quantization-Benchmark/venv_l40s/lib64/python3.9/site-packages/transformers/modeling_utils.py", line 277, in _wrapper
    return func(*args, **kwargs)
  File "/hs/work0/home/users/u0001988/KV-Cache-Quantization-Benchmark/venv_l40s/lib64/python3.9/site-packages/transformers/modeling_utils.py", line 4806, in from_pretrained
    raise ValueError(
ValueError: Using a `device_map`, `tp_plan`, `torch.device` context manager or setting `torch.set_default_device(device)` requires `accelerate`. You can install it with `pip install accelerate`
`torch_dtype` is deprecated! Use `dtype` instead!
Traceback (most recent call last):
  File "/hs/work0/home/users/u0001988/KV-Cache-Quantization-Benchmark/eval_pt/eval_niah.py", line 116, in <module>
    run_niah(
  File "/hs/work0/home/users/u0001988/KV-Cache-Quantization-Benchmark/eval_pt/eval_niah.py", line 38, in run_niah
    AutoModelForCausalLM.from_pretrained(
  File "/hs/work0/home/users/u0001988/KV-Cache-Quantization-Benchmark/venv_l40s/lib64/python3.9/site-packages/transformers/models/auto/auto_factory.py", line 604, in from_pretrained
    return model_class.from_pretrained(
  File "/hs/work0/home/users/u0001988/KV-Cache-Quantization-Benchmark/venv_l40s/lib64/python3.9/site-packages/transformers/modeling_utils.py", line 277, in _wrapper
    return func(*args, **kwargs)
  File "/hs/work0/home/users/u0001988/KV-Cache-Quantization-Benchmark/venv_l40s/lib64/python3.9/site-packages/transformers/modeling_utils.py", line 4806, in from_pretrained
    raise ValueError(
ValueError: Using a `device_map`, `tp_plan`, `torch.device` context manager or setting `torch.set_default_device(device)` requires `accelerate`. You can install it with `pip install accelerate`
